
#############################################################
# STAGE 2m: m_i-corrected D_eff, ε_org sweep at δ = 50.0 μm
# D formulation: m_corrected
# Values: (0.02, 0.05, 0.09, 0.15, 0.25, 0.3)
#############################################################

════════════════════════════════════════════════════════════
 stage2m — ε_org = 0.020, δ = 50.0 μm
 Start: 2026-04-29T10:11:37.822
════════════════════════════════════════════════════════════
[mesh]  N=100 dx_min=1.274e-07 dx_max=1.274e-06 ratio=10.00
[eq]   pH=13.027 cOH=1.064e+02 cHPO4=8.639e+01 cPO4=4.136e+02 cNa=1520.0  cAN,bulk=303.8
[boot] α_buf=0, α_kin=0 at V=-1.000 V:  |F|∞ = 0.000e+00
[boot] ramping α_buf 0 → 1 (10 uniform steps), α_kin = 0
  α_buf = 0.10   iter =  1   |F|∞ = 4.637e-16   ok
  α_buf = 0.20   iter =  1   |F|∞ = 9.275e-16   ok
  α_buf = 0.30   iter =  1   |F|∞ = 1.391e-15   ok
  α_buf = 0.40   iter =  1   |F|∞ = 1.855e-15   ok
  α_buf = 0.50   iter =  1   |F|∞ = 2.319e-15   ok
  α_buf = 0.60   iter =  1   |F|∞ = 2.782e-15   ok
  α_buf = 0.70   iter =  1   |F|∞ = 3.246e-15   ok
  α_buf = 0.80   iter =  1   |F|∞ = 3.710e-15   ok
  α_buf = 0.90   iter =  1   |F|∞ = 4.174e-15   ok
  α_buf = 1.00   iter =  1   |F|∞ = 4.637e-15   ok
[boot] ramping α_kin 1e-6 → 1.0 (geometric ×2), α_buf = 1
  α_kin = 1.000e-06  iter =  1   |F|∞ = 4.637e-15   ok
  α_kin = 2.000e-06  iter =  1   |F|∞ = 7.797e-15   ok
  α_kin = 4.000e-06  iter =  1   |F|∞ = 1.512e-14   ok
  α_kin = 8.000e-06  iter =  1   |F|∞ = 2.976e-14   ok
  α_kin = 1.600e-05  iter =  1   |F|∞ = 5.905e-14   ok
  α_kin = 3.200e-05  iter =  1   |F|∞ = 1.176e-13   ok
  α_kin = 6.400e-05  iter =  1   |F|∞ = 2.348e-13   ok
  α_kin = 1.280e-04  iter =  1   |F|∞ = 4.691e-13   ok
  α_kin = 2.560e-04  iter =  1   |F|∞ = 9.377e-13   ok
  α_kin = 5.120e-04  iter =  1   |F|∞ = 1.875e-12   ok
  α_kin = 1.024e-03  iter =  1   |F|∞ = 3.750e-12   ok
  α_kin = 2.048e-03  iter =  1   |F|∞ = 7.499e-12   ok
  α_kin = 4.096e-03  iter =  1   |F|∞ = 1.500e-11   ok
  α_kin = 8.192e-03  iter =  1   |F|∞ = 2.999e-11   ok
  α_kin = 1.638e-02  iter =  1   |F|∞ = 5.999e-11   ok
  α_kin = 3.277e-02  iter =  1   |F|∞ = 1.200e-10   ok
  α_kin = 6.554e-02  iter =  1   |F|∞ = 2.399e-10   ok
  α_kin = 1.311e-01  iter =  1   |F|∞ = 4.799e-10   ok
  α_kin = 2.621e-01  iter =  1   |F|∞ = 9.598e-10   ok
  α_kin = 5.243e-01  iter =  1   |F|∞ = 1.920e-09   ok
  α_kin = 1.000e+00  iter =  1   |F|∞ = 3.661e-09   ok
[boot] completed at α_buf=1, α_kin=1, V = -1.0
────────── PHYSICALITY  post-bootstrap ──────────
  V =  -1.000 V vs SHE,  ε_org = 0.020,  δ = 50.0 μm
  j₁=2.689e-07  j₂=8.853e-07  j₃=3.520e-04  j₄=8.171e-08  [A/m²]
  j_total = 3.533e-04 A/m² = 0.00 mA/cm²
  FE_ADPN =   0.08 %   FE_PN =   0.25 %   FE_HER =  99.65 %   FE_TCH =   0.02 %
  bulk pH                   : 13.027
  φ_l span across DL        : 0.000e+00 V
  max |Σ z_i c_i| (9-sp)    : 0.000e+00 mol m⁻³
  max Na⁺ DL dev            : 8.975e-16
  Σ z_i N_i interior  var   : 0.000e+00 mol m⁻² s⁻¹
  max |R_buf| @ surface     : 3.726e-09 mol m⁻³ s⁻¹
  max |R_buf| @ bulk        : 3.726e-09 mol m⁻³ s⁻¹
  c_AN(0) / c_AN,bulk       : 1.0000
──────────────────────────────────────────────

[cont] Phase A: V continuation from -1.0 V (AD Jacobian)
[cont] Phase A stopped at V = -2.5000 V  (24 points)
[cont] recorded 24 converged points, V∈[-2.500, -1.000]
[export] records → C:\Users\BuiLab\Documents\ADPN-GitHub\ADPN-Julia-Model\an_ehd_v2\output\data\stage2m_records_eo0.020_d50.csv
[export] profile @ V=-1.5472800000000002 (target -1.5) → C:\Users\BuiLab\Documents\ADPN-GitHub\ADPN-Julia-Model\an_ehd_v2\output\data\stage2m_profile_eo0.020_d50_V-1.547.csv
[export] profile @ V=-1.7472800000000002 (target -1.8) → C:\Users\BuiLab\Documents\ADPN-GitHub\ADPN-Julia-Model\an_ehd_v2\output\data\stage2m_profile_eo0.020_d50_V-1.747.csv
[export] profile @ V=-2.00728 (target -2.0) → C:\Users\BuiLab\Documents\ADPN-GitHub\ADPN-Julia-Model\an_ehd_v2\output\data\stage2m_profile_eo0.020_d50_V-2.007.csv
[export] profile @ V=-2.5 (target -2.5) → C:\Users\BuiLab\Documents\ADPN-GitHub\ADPN-Julia-Model\an_ehd_v2\output\data\stage2m_profile_eo0.020_d50_V-2.500.csv
[export] meta → C:\Users\BuiLab\Documents\ADPN-GitHub\ADPN-Julia-Model\an_ehd_v2\output\data\stage2m_meta_eo0.020_d50.txt

════════════════════════════════════════════════════════════
 stage2m for ε_org=0.020 complete.  End: 2026-04-29T10:12:09.860
════════════════════════════════════════════════════════════

- - - - - - - - - - - - - - - - - - - - - - - - - - - -

════════════════════════════════════════════════════════════
 stage2m — ε_org = 0.050, δ = 50.0 μm
 Start: 2026-04-29T10:12:10.044
════════════════════════════════════════════════════════════
[mesh]  N=100 dx_min=1.274e-07 dx_max=1.274e-06 ratio=10.00
[eq]   pH=13.027 cOH=1.064e+02 cHPO4=8.639e+01 cPO4=4.136e+02 cNa=1520.0  cAN,bulk=759.5
[boot] α_buf=0, α_kin=0 at V=-1.000 V:  |F|∞ = 0.000e+00
[boot] ramping α_buf 0 → 1 (10 uniform steps), α_kin = 0
  α_buf = 0.10   iter =  1   |F|∞ = 4.637e-16   ok
  α_buf = 0.20   iter =  1   |F|∞ = 9.275e-16   ok
  α_buf = 0.30   iter =  1   |F|∞ = 1.391e-15   ok
  α_buf = 0.40   iter =  1   |F|∞ = 1.855e-15   ok
  α_buf = 0.50   iter =  1   |F|∞ = 2.319e-15   ok
  α_buf = 0.60   iter =  1   |F|∞ = 2.782e-15   ok
  α_buf = 0.70   iter =  1   |F|∞ = 3.246e-15   ok
  α_buf = 0.80   iter =  1   |F|∞ = 3.710e-15   ok
  α_buf = 0.90   iter =  1   |F|∞ = 4.174e-15   ok
  α_buf = 1.00   iter =  1   |F|∞ = 4.637e-15   ok
[boot] ramping α_kin 1e-6 → 1.0 (geometric ×2), α_buf = 1
  α_kin = 1.000e-06  iter =  1   |F|∞ = 4.637e-15   ok
  α_kin = 2.000e-06  iter =  1   |F|∞ = 7.879e-15   ok
  α_kin = 4.000e-06  iter =  1   |F|∞ = 1.528e-14   ok
  α_kin = 8.000e-06  iter =  1   |F|∞ = 3.009e-14   ok
  α_kin = 1.600e-05  iter =  1   |F|∞ = 5.971e-14   ok
  α_kin = 3.200e-05  iter =  1   |F|∞ = 1.189e-13   ok
  α_kin = 6.400e-05  iter =  1   |F|∞ = 2.374e-13   ok
  α_kin = 1.280e-04  iter =  1   |F|∞ = 4.743e-13   ok
  α_kin = 2.560e-04  iter =  1   |F|∞ = 9.482e-13   ok
  α_kin = 5.120e-04  iter =  1   |F|∞ = 1.896e-12   ok
  α_kin = 1.024e-03  iter =  1   |F|∞ = 3.791e-12   ok
  α_kin = 2.048e-03  iter =  1   |F|∞ = 7.582e-12   ok
  α_kin = 4.096e-03  iter =  1   |F|∞ = 1.516e-11   ok
  α_kin = 8.192e-03  iter =  1   |F|∞ = 3.033e-11   ok
  α_kin = 1.638e-02  iter =  1   |F|∞ = 6.065e-11   ok
  α_kin = 3.277e-02  iter =  1   |F|∞ = 1.213e-10   ok
  α_kin = 6.554e-02  iter =  1   |F|∞ = 2.426e-10   ok
  α_kin = 1.311e-01  iter =  1   |F|∞ = 4.852e-10   ok
  α_kin = 2.621e-01  iter =  1   |F|∞ = 9.705e-10   ok
  α_kin = 5.243e-01  iter =  1   |F|∞ = 1.941e-09   ok
  α_kin = 1.000e+00  iter =  1   |F|∞ = 3.702e-09   ok
[boot] completed at α_buf=1, α_kin=1, V = -1.0
────────── PHYSICALITY  post-bootstrap ──────────
  V =  -1.000 V vs SHE,  ε_org = 0.050,  δ = 50.0 μm
  j₁=1.681e-06  j₂=2.213e-06  j₃=3.520e-04  j₄=1.277e-06  [A/m²]
  j_total = 3.572e-04 A/m² = 0.00 mA/cm²
  FE_ADPN =   0.47 %   FE_PN =   0.62 %   FE_HER =  98.55 %   FE_TCH =   0.36 %
  bulk pH                   : 13.027
  φ_l span across DL        : 0.000e+00 V
  max |Σ z_i c_i| (9-sp)    : 0.000e+00 mol m⁻³
  max Na⁺ DL dev            : 8.975e-16
  Σ z_i N_i interior  var   : 0.000e+00 mol m⁻² s⁻¹
  max |R_buf| @ surface     : 3.726e-09 mol m⁻³ s⁻¹
  max |R_buf| @ bulk        : 3.726e-09 mol m⁻³ s⁻¹
  c_AN(0) / c_AN,bulk       : 1.0000
──────────────────────────────────────────────

[cont] Phase A: V continuation from -1.0 V (AD Jacobian)
[cont] Phase A stopped at V = -2.5000 V  (23 points)
[cont] recorded 23 converged points, V∈[-2.500, -1.000]
[export] records → C:\Users\BuiLab\Documents\ADPN-GitHub\ADPN-Julia-Model\an_ehd_v2\output\data\stage2m_records_eo0.050_d50.csv
[export] profile @ V=-1.5472800000000002 (target -1.5) → C:\Users\BuiLab\Documents\ADPN-GitHub\ADPN-Julia-Model\an_ehd_v2\output\data\stage2m_profile_eo0.050_d50_V-1.547.csv
[export] profile @ V=-1.7472800000000002 (target -1.8) → C:\Users\BuiLab\Documents\ADPN-GitHub\ADPN-Julia-Model\an_ehd_v2\output\data\stage2m_profile_eo0.050_d50_V-1.747.csv
[export] profile @ V=-2.00728 (target -2.0) → C:\Users\BuiLab\Documents\ADPN-GitHub\ADPN-Julia-Model\an_ehd_v2\output\data\stage2m_profile_eo0.050_d50_V-2.007.csv
[export] profile @ V=-2.5 (target -2.5) → C:\Users\BuiLab\Documents\ADPN-GitHub\ADPN-Julia-Model\an_ehd_v2\output\data\stage2m_profile_eo0.050_d50_V-2.500.csv
[export] meta → C:\Users\BuiLab\Documents\ADPN-GitHub\ADPN-Julia-Model\an_ehd_v2\output\data\stage2m_meta_eo0.050_d50.txt

════════════════════════════════════════════════════════════
 stage2m for ε_org=0.050 complete.  End: 2026-04-29T10:12:40.985
════════════════════════════════════════════════════════════

- - - - - - - - - - - - - - - - - - - - - - - - - - - -

════════════════════════════════════════════════════════════
 stage2m — ε_org = 0.090, δ = 50.0 μm
 Start: 2026-04-29T10:12:40.985
════════════════════════════════════════════════════════════
[mesh]  N=100 dx_min=1.274e-07 dx_max=1.274e-06 ratio=10.00
[eq]   pH=13.027 cOH=1.064e+02 cHPO4=8.639e+01 cPO4=4.136e+02 cNa=1520.0  cAN,bulk=1310.6
[boot] α_buf=0, α_kin=0 at V=-1.000 V:  |F|∞ = 0.000e+00
[boot] ramping α_buf 0 → 1 (10 uniform steps), α_kin = 0
  α_buf = 0.10   iter =  1   |F|∞ = 4.637e-16   ok
  α_buf = 0.20   iter =  1   |F|∞ = 9.275e-16   ok
  α_buf = 0.30   iter =  1   |F|∞ = 1.391e-15   ok
  α_buf = 0.40   iter =  1   |F|∞ = 1.855e-15   ok
  α_buf = 0.50   iter =  1   |F|∞ = 2.319e-15   ok
  α_buf = 0.60   iter =  1   |F|∞ = 2.782e-15   ok
  α_buf = 0.70   iter =  1   |F|∞ = 3.246e-15   ok
  α_buf = 0.80   iter =  1   |F|∞ = 3.710e-15   ok
  α_buf = 0.90   iter =  1   |F|∞ = 4.174e-15   ok
  α_buf = 1.00   iter =  1   |F|∞ = 4.637e-15   ok
[boot] ramping α_kin 1e-6 → 1.0 (geometric ×2), α_buf = 1
  α_kin = 1.000e-06  iter =  1   |F|∞ = 4.637e-15   ok
  α_kin = 2.000e-06  iter =  1   |F|∞ = 8.090e-15   ok
  α_kin = 4.000e-06  iter =  1   |F|∞ = 1.571e-14   ok
  α_kin = 8.000e-06  iter =  1   |F|∞ = 3.094e-14   ok
  α_kin = 1.600e-05  iter =  1   |F|∞ = 6.140e-14   ok
  α_kin = 3.200e-05  iter =  1   |F|∞ = 1.223e-13   ok
  α_kin = 6.400e-05  iter =  1   |F|∞ = 2.442e-13   ok
  α_kin = 1.280e-04  iter =  1   |F|∞ = 4.879e-13   ok
  α_kin = 2.560e-04  iter =  1   |F|∞ = 9.753e-13   ok
  α_kin = 5.120e-04  iter =  1   |F|∞ = 1.950e-12   ok
  α_kin = 1.024e-03  iter =  1   |F|∞ = 3.900e-12   ok
  α_kin = 2.048e-03  iter =  1   |F|∞ = 7.799e-12   ok
  α_kin = 4.096e-03  iter =  1   |F|∞ = 1.560e-11   ok
  α_kin = 8.192e-03  iter =  1   |F|∞ = 3.119e-11   ok
  α_kin = 1.638e-02  iter =  1   |F|∞ = 6.239e-11   ok
  α_kin = 3.277e-02  iter =  1   |F|∞ = 1.248e-10   ok
  α_kin = 6.554e-02  iter =  1   |F|∞ = 2.496e-10   ok
  α_kin = 1.311e-01  iter =  1   |F|∞ = 4.991e-10   ok
  α_kin = 2.621e-01  iter =  1   |F|∞ = 9.982e-10   ok
  α_kin = 5.243e-01  iter =  1   |F|∞ = 1.996e-09   ok
  α_kin = 1.000e+00  iter =  1   |F|∞ = 3.808e-09   ok
[boot] completed at α_buf=1, α_kin=1, V = -1.0
────────── PHYSICALITY  post-bootstrap ──────────
  V =  -1.000 V vs SHE,  ε_org = 0.090,  δ = 50.0 μm
  j₁=5.005e-06  j₂=3.819e-06  j₃=3.520e-04  j₄=6.560e-06  [A/m²]
  j_total = 3.674e-04 A/m² = 0.00 mA/cm²
  FE_ADPN =   1.36 %   FE_PN =   1.04 %   FE_HER =  95.81 %   FE_TCH =   1.79 %
  bulk pH                   : 13.027
  φ_l span across DL        : 0.000e+00 V
  max |Σ z_i c_i| (9-sp)    : 0.000e+00 mol m⁻³
  max Na⁺ DL dev            : 8.975e-16
  Σ z_i N_i interior  var   : 0.000e+00 mol m⁻² s⁻¹
  max |R_buf| @ surface     : 3.726e-09 mol m⁻³ s⁻¹
  max |R_buf| @ bulk        : 3.726e-09 mol m⁻³ s⁻¹
  c_AN(0) / c_AN,bulk       : 1.0000
──────────────────────────────────────────────

[cont] Phase A: V continuation from -1.0 V (AD Jacobian)
[cont] Phase A stopped at V = -2.5000 V  (22 points)
[cont] recorded 22 converged points, V∈[-2.500, -1.000]
[export] records → C:\Users\BuiLab\Documents\ADPN-GitHub\ADPN-Julia-Model\an_ehd_v2\output\data\stage2m_records_eo0.090_d50.csv
[export] profile @ V=-1.5472800000000002 (target -1.5) → C:\Users\BuiLab\Documents\ADPN-GitHub\ADPN-Julia-Model\an_ehd_v2\output\data\stage2m_profile_eo0.090_d50_V-1.547.csv
[export] profile @ V=-1.7472800000000002 (target -1.8) → C:\Users\BuiLab\Documents\ADPN-GitHub\ADPN-Julia-Model\an_ehd_v2\output\data\stage2m_profile_eo0.090_d50_V-1.747.csv
[export] profile @ V=-2.00728 (target -2.0) → C:\Users\BuiLab\Documents\ADPN-GitHub\ADPN-Julia-Model\an_ehd_v2\output\data\stage2m_profile_eo0.090_d50_V-2.007.csv
[export] profile @ V=-2.5 (target -2.5) → C:\Users\BuiLab\Documents\ADPN-GitHub\ADPN-Julia-Model\an_ehd_v2\output\data\stage2m_profile_eo0.090_d50_V-2.500.csv
[export] meta → C:\Users\BuiLab\Documents\ADPN-GitHub\ADPN-Julia-Model\an_ehd_v2\output\data\stage2m_meta_eo0.090_d50.txt

════════════════════════════════════════════════════════════
 stage2m for ε_org=0.090 complete.  End: 2026-04-29T10:13:12.304
════════════════════════════════════════════════════════════

- - - - - - - - - - - - - - - - - - - - - - - - - - - -

════════════════════════════════════════════════════════════
 stage2m — ε_org = 0.150, δ = 50.0 μm
 Start: 2026-04-29T10:13:12.304
════════════════════════════════════════════════════════════
[mesh]  N=100 dx_min=1.274e-07 dx_max=1.274e-06 ratio=10.00
[eq]   pH=13.027 cOH=1.064e+02 cHPO4=8.639e+01 cPO4=4.136e+02 cNa=1520.0  cAN,bulk=1310.6
[boot] α_buf=0, α_kin=0 at V=-1.000 V:  |F|∞ = 0.000e+00
[boot] ramping α_buf 0 → 1 (10 uniform steps), α_kin = 0
  α_buf = 0.10   iter =  1   |F|∞ = 4.637e-16   ok
  α_buf = 0.20   iter =  1   |F|∞ = 9.275e-16   ok
  α_buf = 0.30   iter =  1   |F|∞ = 1.391e-15   ok
  α_buf = 0.40   iter =  1   |F|∞ = 1.855e-15   ok
  α_buf = 0.50   iter =  1   |F|∞ = 2.319e-15   ok
  α_buf = 0.60   iter =  1   |F|∞ = 2.782e-15   ok
  α_buf = 0.70   iter =  1   |F|∞ = 3.246e-15   ok
  α_buf = 0.80   iter =  1   |F|∞ = 3.710e-15   ok
  α_buf = 0.90   iter =  1   |F|∞ = 4.174e-15   ok
  α_buf = 1.00   iter =  1   |F|∞ = 4.637e-15   ok
[boot] ramping α_kin 1e-6 → 1.0 (geometric ×2), α_buf = 1
  α_kin = 1.000e-06  iter =  1   |F|∞ = 4.637e-15   ok
  α_kin = 2.000e-06  iter =  1   |F|∞ = 8.090e-15   ok
  α_kin = 4.000e-06  iter =  1   |F|∞ = 1.571e-14   ok
  α_kin = 8.000e-06  iter =  1   |F|∞ = 3.094e-14   ok
  α_kin = 1.600e-05  iter =  1   |F|∞ = 6.140e-14   ok
  α_kin = 3.200e-05  iter =  1   |F|∞ = 1.223e-13   ok
  α_kin = 6.400e-05  iter =  1   |F|∞ = 2.442e-13   ok
  α_kin = 1.280e-04  iter =  1   |F|∞ = 4.879e-13   ok
  α_kin = 2.560e-04  iter =  1   |F|∞ = 9.753e-13   ok
  α_kin = 5.120e-04  iter =  1   |F|∞ = 1.950e-12   ok
  α_kin = 1.024e-03  iter =  1   |F|∞ = 3.900e-12   ok
  α_kin = 2.048e-03  iter =  1   |F|∞ = 7.799e-12   ok
  α_kin = 4.096e-03  iter =  1   |F|∞ = 1.560e-11   ok
  α_kin = 8.192e-03  iter =  1   |F|∞ = 3.119e-11   ok
  α_kin = 1.638e-02  iter =  1   |F|∞ = 6.239e-11   ok
  α_kin = 3.277e-02  iter =  1   |F|∞ = 1.248e-10   ok
  α_kin = 6.554e-02  iter =  1   |F|∞ = 2.496e-10   ok
  α_kin = 1.311e-01  iter =  1   |F|∞ = 4.991e-10   ok
  α_kin = 2.621e-01  iter =  1   |F|∞ = 9.982e-10   ok
  α_kin = 5.243e-01  iter =  1   |F|∞ = 1.996e-09   ok
  α_kin = 1.000e+00  iter =  1   |F|∞ = 3.808e-09   ok
[boot] completed at α_buf=1, α_kin=1, V = -1.0
────────── PHYSICALITY  post-bootstrap ──────────
  V =  -1.000 V vs SHE,  ε_org = 0.150,  δ = 50.0 μm
  j₁=5.005e-06  j₂=3.819e-06  j₃=3.520e-04  j₄=6.560e-06  [A/m²]
  j_total = 3.674e-04 A/m² = 0.00 mA/cm²
  FE_ADPN =   1.36 %   FE_PN =   1.04 %   FE_HER =  95.81 %   FE_TCH =   1.79 %
  bulk pH                   : 13.027
  φ_l span across DL        : 0.000e+00 V
  max |Σ z_i c_i| (9-sp)    : 0.000e+00 mol m⁻³
  max Na⁺ DL dev            : 8.975e-16
  Σ z_i N_i interior  var   : 0.000e+00 mol m⁻² s⁻¹
  max |R_buf| @ surface     : 3.726e-09 mol m⁻³ s⁻¹
  max |R_buf| @ bulk        : 3.726e-09 mol m⁻³ s⁻¹
  c_AN(0) / c_AN,bulk       : 1.0000
──────────────────────────────────────────────

[cont] Phase A: V continuation from -1.0 V (AD Jacobian)
[cont] Phase A stopped at V = -2.5000 V  (22 points)
[cont] recorded 22 converged points, V∈[-2.500, -1.000]
[export] records → C:\Users\BuiLab\Documents\ADPN-GitHub\ADPN-Julia-Model\an_ehd_v2\output\data\stage2m_records_eo0.150_d50.csv
[export] profile @ V=-1.5472800000000002 (target -1.5) → C:\Users\BuiLab\Documents\ADPN-GitHub\ADPN-Julia-Model\an_ehd_v2\output\data\stage2m_profile_eo0.150_d50_V-1.547.csv
[export] profile @ V=-1.7472800000000002 (target -1.8) → C:\Users\BuiLab\Documents\ADPN-GitHub\ADPN-Julia-Model\an_ehd_v2\output\data\stage2m_profile_eo0.150_d50_V-1.747.csv
[export] profile @ V=-2.00728 (target -2.0) → C:\Users\BuiLab\Documents\ADPN-GitHub\ADPN-Julia-Model\an_ehd_v2\output\data\stage2m_profile_eo0.150_d50_V-2.007.csv
[export] profile @ V=-2.5 (target -2.5) → C:\Users\BuiLab\Documents\ADPN-GitHub\ADPN-Julia-Model\an_ehd_v2\output\data\stage2m_profile_eo0.150_d50_V-2.500.csv
[export] meta → C:\Users\BuiLab\Documents\ADPN-GitHub\ADPN-Julia-Model\an_ehd_v2\output\data\stage2m_meta_eo0.150_d50.txt

════════════════════════════════════════════════════════════
 stage2m for ε_org=0.150 complete.  End: 2026-04-29T10:13:40.650
════════════════════════════════════════════════════════════

- - - - - - - - - - - - - - - - - - - - - - - - - - - -

════════════════════════════════════════════════════════════
 stage2m — ε_org = 0.250, δ = 50.0 μm
 Start: 2026-04-29T10:13:40.650
════════════════════════════════════════════════════════════
[mesh]  N=100 dx_min=1.274e-07 dx_max=1.274e-06 ratio=10.00
[eq]   pH=13.027 cOH=1.064e+02 cHPO4=8.639e+01 cPO4=4.136e+02 cNa=1520.0  cAN,bulk=1310.6
[boot] α_buf=0, α_kin=0 at V=-1.000 V:  |F|∞ = 0.000e+00
[boot] ramping α_buf 0 → 1 (10 uniform steps), α_kin = 0
  α_buf = 0.10   iter =  1   |F|∞ = 4.637e-16   ok
  α_buf = 0.20   iter =  1   |F|∞ = 9.275e-16   ok
  α_buf = 0.30   iter =  1   |F|∞ = 1.391e-15   ok
  α_buf = 0.40   iter =  1   |F|∞ = 1.855e-15   ok
  α_buf = 0.50   iter =  1   |F|∞ = 2.319e-15   ok
  α_buf = 0.60   iter =  1   |F|∞ = 2.782e-15   ok
  α_buf = 0.70   iter =  1   |F|∞ = 3.246e-15   ok
  α_buf = 0.80   iter =  1   |F|∞ = 3.710e-15   ok
  α_buf = 0.90   iter =  1   |F|∞ = 4.174e-15   ok
  α_buf = 1.00   iter =  1   |F|∞ = 4.637e-15   ok
[boot] ramping α_kin 1e-6 → 1.0 (geometric ×2), α_buf = 1
  α_kin = 1.000e-06  iter =  1   |F|∞ = 4.637e-15   ok
  α_kin = 2.000e-06  iter =  1   |F|∞ = 8.090e-15   ok
  α_kin = 4.000e-06  iter =  1   |F|∞ = 1.571e-14   ok
  α_kin = 8.000e-06  iter =  1   |F|∞ = 3.094e-14   ok
  α_kin = 1.600e-05  iter =  1   |F|∞ = 6.140e-14   ok
  α_kin = 3.200e-05  iter =  1   |F|∞ = 1.223e-13   ok
  α_kin = 6.400e-05  iter =  1   |F|∞ = 2.442e-13   ok
  α_kin = 1.280e-04  iter =  1   |F|∞ = 4.879e-13   ok
  α_kin = 2.560e-04  iter =  1   |F|∞ = 9.753e-13   ok
  α_kin = 5.120e-04  iter =  1   |F|∞ = 1.950e-12   ok
  α_kin = 1.024e-03  iter =  1   |F|∞ = 3.900e-12   ok
  α_kin = 2.048e-03  iter =  1   |F|∞ = 7.799e-12   ok
  α_kin = 4.096e-03  iter =  1   |F|∞ = 1.560e-11   ok
  α_kin = 8.192e-03  iter =  1   |F|∞ = 3.119e-11   ok
  α_kin = 1.638e-02  iter =  1   |F|∞ = 6.239e-11   ok
  α_kin = 3.277e-02  iter =  1   |F|∞ = 1.248e-10   ok
  α_kin = 6.554e-02  iter =  1   |F|∞ = 2.496e-10   ok
  α_kin = 1.311e-01  iter =  1   |F|∞ = 4.991e-10   ok
  α_kin = 2.621e-01  iter =  1   |F|∞ = 9.982e-10   ok
  α_kin = 5.243e-01  iter =  1   |F|∞ = 1.996e-09   ok
  α_kin = 1.000e+00  iter =  1   |F|∞ = 3.808e-09   ok
[boot] completed at α_buf=1, α_kin=1, V = -1.0
────────── PHYSICALITY  post-bootstrap ──────────
  V =  -1.000 V vs SHE,  ε_org = 0.250,  δ = 50.0 μm
  j₁=5.005e-06  j₂=3.819e-06  j₃=3.520e-04  j₄=6.560e-06  [A/m²]
  j_total = 3.674e-04 A/m² = 0.00 mA/cm²
  FE_ADPN =   1.36 %   FE_PN =   1.04 %   FE_HER =  95.81 %   FE_TCH =   1.79 %
  bulk pH                   : 13.027
  φ_l span across DL        : 0.000e+00 V
  max |Σ z_i c_i| (9-sp)    : 0.000e+00 mol m⁻³
  max Na⁺ DL dev            : 8.975e-16
  Σ z_i N_i interior  var   : 0.000e+00 mol m⁻² s⁻¹
  max |R_buf| @ surface     : 3.726e-09 mol m⁻³ s⁻¹
  max |R_buf| @ bulk        : 3.726e-09 mol m⁻³ s⁻¹
  c_AN(0) / c_AN,bulk       : 1.0000
──────────────────────────────────────────────

[cont] Phase A: V continuation from -1.0 V (AD Jacobian)
[cont] Phase A stopped at V = -2.5000 V  (21 points)
[cont] recorded 21 converged points, V∈[-2.500, -1.000]
[export] records → C:\Users\BuiLab\Documents\ADPN-GitHub\ADPN-Julia-Model\an_ehd_v2\output\data\stage2m_records_eo0.250_d50.csv
[export] profile @ V=-1.5472800000000002 (target -1.5) → C:\Users\BuiLab\Documents\ADPN-GitHub\ADPN-Julia-Model\an_ehd_v2\output\data\stage2m_profile_eo0.250_d50_V-1.547.csv
[export] profile @ V=-1.7472800000000002 (target -1.8) → C:\Users\BuiLab\Documents\ADPN-GitHub\ADPN-Julia-Model\an_ehd_v2\output\data\stage2m_profile_eo0.250_d50_V-1.747.csv
[export] profile @ V=-2.00728 (target -2.0) → C:\Users\BuiLab\Documents\ADPN-GitHub\ADPN-Julia-Model\an_ehd_v2\output\data\stage2m_profile_eo0.250_d50_V-2.007.csv
[export] profile @ V=-2.5 (target -2.5) → C:\Users\BuiLab\Documents\ADPN-GitHub\ADPN-Julia-Model\an_ehd_v2\output\data\stage2m_profile_eo0.250_d50_V-2.500.csv
[export] meta → C:\Users\BuiLab\Documents\ADPN-GitHub\ADPN-Julia-Model\an_ehd_v2\output\data\stage2m_meta_eo0.250_d50.txt

════════════════════════════════════════════════════════════
 stage2m for ε_org=0.250 complete.  End: 2026-04-29T10:14:07.647
════════════════════════════════════════════════════════════

- - - - - - - - - - - - - - - - - - - - - - - - - - - -

════════════════════════════════════════════════════════════
 stage2m — ε_org = 0.300, δ = 50.0 μm
 Start: 2026-04-29T10:14:07.647
════════════════════════════════════════════════════════════
[mesh]  N=100 dx_min=1.274e-07 dx_max=1.274e-06 ratio=10.00
[eq]   pH=13.027 cOH=1.064e+02 cHPO4=8.639e+01 cPO4=4.136e+02 cNa=1520.0  cAN,bulk=1310.6
[boot] α_buf=0, α_kin=0 at V=-1.000 V:  |F|∞ = 0.000e+00
[boot] ramping α_buf 0 → 1 (10 uniform steps), α_kin = 0
  α_buf = 0.10   iter =  1   |F|∞ = 4.637e-16   ok
  α_buf = 0.20   iter =  1   |F|∞ = 9.275e-16   ok
  α_buf = 0.30   iter =  1   |F|∞ = 1.391e-15   ok
  α_buf = 0.40   iter =  1   |F|∞ = 1.855e-15   ok
  α_buf = 0.50   iter =  1   |F|∞ = 2.319e-15   ok
  α_buf = 0.60   iter =  1   |F|∞ = 2.782e-15   ok
  α_buf = 0.70   iter =  1   |F|∞ = 3.246e-15   ok
  α_buf = 0.80   iter =  1   |F|∞ = 3.710e-15   ok
  α_buf = 0.90   iter =  1   |F|∞ = 4.174e-15   ok
  α_buf = 1.00   iter =  1   |F|∞ = 4.637e-15   ok
[boot] ramping α_kin 1e-6 → 1.0 (geometric ×2), α_buf = 1
  α_kin = 1.000e-06  iter =  1   |F|∞ = 4.637e-15   ok
  α_kin = 2.000e-06  iter =  1   |F|∞ = 8.090e-15   ok
  α_kin = 4.000e-06  iter =  1   |F|∞ = 1.571e-14   ok
  α_kin = 8.000e-06  iter =  1   |F|∞ = 3.094e-14   ok
  α_kin = 1.600e-05  iter =  1   |F|∞ = 6.140e-14   ok
  α_kin = 3.200e-05  iter =  1   |F|∞ = 1.223e-13   ok
  α_kin = 6.400e-05  iter =  1   |F|∞ = 2.442e-13   ok
  α_kin = 1.280e-04  iter =  1   |F|∞ = 4.879e-13   ok
  α_kin = 2.560e-04  iter =  1   |F|∞ = 9.753e-13   ok
  α_kin = 5.120e-04  iter =  1   |F|∞ = 1.950e-12   ok
  α_kin = 1.024e-03  iter =  1   |F|∞ = 3.900e-12   ok
  α_kin = 2.048e-03  iter =  1   |F|∞ = 7.799e-12   ok
  α_kin = 4.096e-03  iter =  1   |F|∞ = 1.560e-11   ok
  α_kin = 8.192e-03  iter =  1   |F|∞ = 3.119e-11   ok
  α_kin = 1.638e-02  iter =  1   |F|∞ = 6.239e-11   ok
  α_kin = 3.277e-02  iter =  1   |F|∞ = 1.248e-10   ok
  α_kin = 6.554e-02  iter =  1   |F|∞ = 2.496e-10   ok
  α_kin = 1.311e-01  iter =  1   |F|∞ = 4.991e-10   ok
  α_kin = 2.621e-01  iter =  1   |F|∞ = 9.982e-10   ok
  α_kin = 5.243e-01  iter =  1   |F|∞ = 1.996e-09   ok
  α_kin = 1.000e+00  iter =  1   |F|∞ = 3.808e-09   ok
[boot] completed at α_buf=1, α_kin=1, V = -1.0
────────── PHYSICALITY  post-bootstrap ──────────
  V =  -1.000 V vs SHE,  ε_org = 0.300,  δ = 50.0 μm
  j₁=5.005e-06  j₂=3.819e-06  j₃=3.520e-04  j₄=6.560e-06  [A/m²]
  j_total = 3.674e-04 A/m² = 0.00 mA/cm²
  FE_ADPN =   1.36 %   FE_PN =   1.04 %   FE_HER =  95.81 %   FE_TCH =   1.79 %
  bulk pH                   : 13.027
  φ_l span across DL        : 0.000e+00 V
  max |Σ z_i c_i| (9-sp)    : 0.000e+00 mol m⁻³
  max Na⁺ DL dev            : 8.975e-16
  Σ z_i N_i interior  var   : 0.000e+00 mol m⁻² s⁻¹
  max |R_buf| @ surface     : 3.726e-09 mol m⁻³ s⁻¹
  max |R_buf| @ bulk        : 3.726e-09 mol m⁻³ s⁻¹
  c_AN(0) / c_AN,bulk       : 1.0000
──────────────────────────────────────────────

[cont] Phase A: V continuation from -1.0 V (AD Jacobian)
[cont] Phase A stopped at V = -2.5000 V  (21 points)
[cont] recorded 21 converged points, V∈[-2.500, -1.000]
[export] records → C:\Users\BuiLab\Documents\ADPN-GitHub\ADPN-Julia-Model\an_ehd_v2\output\data\stage2m_records_eo0.300_d50.csv
[export] profile @ V=-1.5472800000000002 (target -1.5) → C:\Users\BuiLab\Documents\ADPN-GitHub\ADPN-Julia-Model\an_ehd_v2\output\data\stage2m_profile_eo0.300_d50_V-1.547.csv
[export] profile @ V=-1.7472800000000002 (target -1.8) → C:\Users\BuiLab\Documents\ADPN-GitHub\ADPN-Julia-Model\an_ehd_v2\output\data\stage2m_profile_eo0.300_d50_V-1.747.csv
[export] profile @ V=-2.00728 (target -2.0) → C:\Users\BuiLab\Documents\ADPN-GitHub\ADPN-Julia-Model\an_ehd_v2\output\data\stage2m_profile_eo0.300_d50_V-2.007.csv
[export] profile @ V=-2.5 (target -2.5) → C:\Users\BuiLab\Documents\ADPN-GitHub\ADPN-Julia-Model\an_ehd_v2\output\data\stage2m_profile_eo0.300_d50_V-2.500.csv
[export] meta → C:\Users\BuiLab\Documents\ADPN-GitHub\ADPN-Julia-Model\an_ehd_v2\output\data\stage2m_meta_eo0.300_d50.txt

════════════════════════════════════════════════════════════
 stage2m for ε_org=0.300 complete.  End: 2026-04-29T10:14:34.398
════════════════════════════════════════════════════════════

- - - - - - - - - - - - - - - - - - - - - - - - - - - -



#############################################################
# Stage 2m complete (m_i-corrected D_eff).
# Compare with Stage 2 (arithmetic) using plot_stage2_comparison.py
#############################################################
