
#############################################################
# STAGE 2m: m_i-corrected D_eff, ε_org sweep at δ = 50.0 μm
# D formulation: m_corrected
# Values: (0.02, 0.05, 0.09, 0.15, 0.25, 0.3)
#############################################################

════════════════════════════════════════════════════════════
 stage2m — ε_org = 0.020, δ = 50.0 μm
 Start: 2026-04-23T16:55:59.453
════════════════════════════════════════════════════════════
[mesh]  N=100 dx_min=1.274e-07 dx_max=1.274e-06 ratio=10.00
[eq]   pH=13.027 cOH=1.064e+02 cHPO4=8.639e+01 cPO4=4.136e+02 cNa=1520.0  cAN,bulk=303.8
[boot] α_buf=0, α_kin=0 at V=-1.000 V:  |F|∞ = 0.000e+00
[boot] ramping α_buf 0 → 1 (10 uniform steps), α_kin = 0
  α_buf = 0.10   iter =  1   |F|∞ = 4.637e-16   ok
  α_buf = 0.20   iter =  1   |F|∞ = 9.275e-16   ok
  α_buf = 0.30   iter =  1   |F|∞ = 1.391e-15   ok
  α_buf = 0.40   iter =  1   |F|∞ = 1.855e-15   ok
  α_buf = 0.50   iter =  1   |F|∞ = 2.319e-15   ok
  α_buf = 0.60   iter =  1   |F|∞ = 2.782e-15   ok
  α_buf = 0.70   iter =  1   |F|∞ = 3.246e-15   ok
  α_buf = 0.80   iter =  1   |F|∞ = 3.710e-15   ok
  α_buf = 0.90   iter =  1   |F|∞ = 4.174e-15   ok
  α_buf = 1.00   iter =  1   |F|∞ = 4.637e-15   ok
[boot] ramping α_kin 1e-6 → 1.0 (geometric ×2), α_buf = 1
  α_kin = 1.000e-06  iter =  1   |F|∞ = 4.637e-15   ok
  α_kin = 2.000e-06  iter =  1   |F|∞ = 4.637e-15   ok
  α_kin = 4.000e-06  iter =  1   |F|∞ = 6.371e-15   ok
  α_kin = 8.000e-06  iter =  1   |F|∞ = 1.227e-14   ok
  α_kin = 1.600e-05  iter =  1   |F|∞ = 2.406e-14   ok
  α_kin = 3.200e-05  iter =  1   |F|∞ = 4.764e-14   ok
  α_kin = 6.400e-05  iter =  1   |F|∞ = 9.481e-14   ok
  α_kin = 1.280e-04  iter =  1   |F|∞ = 1.892e-13   ok
  α_kin = 2.560e-04  iter =  1   |F|∞ = 3.778e-13   ok
  α_kin = 5.120e-04  iter =  1   |F|∞ = 7.552e-13   ok
  α_kin = 1.024e-03  iter =  1   |F|∞ = 1.510e-12   ok
  α_kin = 2.048e-03  iter =  1   |F|∞ = 3.019e-12   ok
  α_kin = 4.096e-03  iter =  1   |F|∞ = 6.038e-12   ok
  α_kin = 8.192e-03  iter =  1   |F|∞ = 1.208e-11   ok
  α_kin = 1.638e-02  iter =  1   |F|∞ = 2.415e-11   ok
  α_kin = 3.277e-02  iter =  1   |F|∞ = 4.830e-11   ok
  α_kin = 6.554e-02  iter =  1   |F|∞ = 9.660e-11   ok
  α_kin = 1.311e-01  iter =  1   |F|∞ = 1.932e-10   ok
  α_kin = 2.621e-01  iter =  1   |F|∞ = 3.864e-10   ok
  α_kin = 5.243e-01  iter =  1   |F|∞ = 7.728e-10   ok
  α_kin = 1.000e+00  iter =  1   |F|∞ = 1.474e-09   ok
[boot] completed at α_buf=1, α_kin=1, V = -1.0
────────── PHYSICALITY  post-bootstrap ──────────
  V =  -1.000 V vs SHE,  ε_org = 0.020,  δ = 50.0 μm
  j₁=2.689e-07  j₂=8.853e-07  j₃=1.411e-04  [A/m²]
  j_total = 1.422e-04 A/m² = 0.00 mA/cm²
  FE_ADPN =   0.19 %   FE_PN =   0.62 %   FE_HER =  99.19 %
  bulk pH                   : 13.027
  φ_l span across DL        : 0.000e+00 V
  max |Σ z_i c_i| (9-sp)    : 0.000e+00 mol m⁻³
  max Na⁺ DL dev            : 8.975e-16
  Σ z_i N_i interior  var   : 0.000e+00 mol m⁻² s⁻¹
  max |R_buf| @ surface     : 3.726e-09 mol m⁻³ s⁻¹
  max |R_buf| @ bulk        : 3.726e-09 mol m⁻³ s⁻¹
  c_AN(0) / c_AN,bulk       : 1.0000
──────────────────────────────────────────────

[cont] Phase A: V continuation from -1.0 V (AD Jacobian)
[cont] Phase A stopped at V = -2.5000 V  (15 points)
[cont] recorded 15 converged points, V∈[-2.500, -1.000]
[export] records → C:\Users\BuiLab\Documents\ADPN-Julia-Model\an_ehd\output\data\stage2m_records_eo0.020_d50.csv
[export] profile @ V=-1.5472800000000002 (target -1.5) → C:\Users\BuiLab\Documents\ADPN-Julia-Model\an_ehd\output\data\stage2m_profile_eo0.020_d50_V-1.547.csv
[export] profile @ V=-1.7472800000000002 (target -1.8) → C:\Users\BuiLab\Documents\ADPN-Julia-Model\an_ehd\output\data\stage2m_profile_eo0.020_d50_V-1.747.csv
[export] profile @ V=-2.00728 (target -2.0) → C:\Users\BuiLab\Documents\ADPN-Julia-Model\an_ehd\output\data\stage2m_profile_eo0.020_d50_V-2.007.csv
[export] profile @ V=-2.5 (target -2.5) → C:\Users\BuiLab\Documents\ADPN-Julia-Model\an_ehd\output\data\stage2m_profile_eo0.020_d50_V-2.500.csv
[export] meta → C:\Users\BuiLab\Documents\ADPN-Julia-Model\an_ehd\output\data\stage2m_meta_eo0.020_d50.txt

════════════════════════════════════════════════════════════
 stage2m for ε_org=0.020 complete.  End: 2026-04-23T16:56:13.245
════════════════════════════════════════════════════════════

- - - - - - - - - - - - - - - - - - - - - - - - - - - -

════════════════════════════════════════════════════════════
 stage2m — ε_org = 0.050, δ = 50.0 μm
 Start: 2026-04-23T16:56:13.345
════════════════════════════════════════════════════════════
[mesh]  N=100 dx_min=1.274e-07 dx_max=1.274e-06 ratio=10.00
[eq]   pH=13.027 cOH=1.064e+02 cHPO4=8.639e+01 cPO4=4.136e+02 cNa=1520.0  cAN,bulk=759.5
[boot] α_buf=0, α_kin=0 at V=-1.000 V:  |F|∞ = 0.000e+00
[boot] ramping α_buf 0 → 1 (10 uniform steps), α_kin = 0
  α_buf = 0.10   iter =  1   |F|∞ = 4.637e-16   ok
  α_buf = 0.20   iter =  1   |F|∞ = 9.275e-16   ok
  α_buf = 0.30   iter =  1   |F|∞ = 1.391e-15   ok
  α_buf = 0.40   iter =  1   |F|∞ = 1.855e-15   ok
  α_buf = 0.50   iter =  1   |F|∞ = 2.319e-15   ok
  α_buf = 0.60   iter =  1   |F|∞ = 2.782e-15   ok
  α_buf = 0.70   iter =  1   |F|∞ = 3.246e-15   ok
  α_buf = 0.80   iter =  1   |F|∞ = 3.710e-15   ok
  α_buf = 0.90   iter =  1   |F|∞ = 4.174e-15   ok
  α_buf = 1.00   iter =  1   |F|∞ = 4.637e-15   ok
[boot] ramping α_kin 1e-6 → 1.0 (geometric ×2), α_buf = 1
  α_kin = 1.000e-06  iter =  1   |F|∞ = 4.637e-15   ok
  α_kin = 2.000e-06  iter =  1   |F|∞ = 4.637e-15   ok
  α_kin = 4.000e-06  iter =  1   |F|∞ = 6.484e-15   ok
  α_kin = 8.000e-06  iter =  1   |F|∞ = 1.249e-14   ok
  α_kin = 1.600e-05  iter =  1   |F|∞ = 2.451e-14   ok
  α_kin = 3.200e-05  iter =  1   |F|∞ = 4.855e-14   ok
  α_kin = 6.400e-05  iter =  1   |F|∞ = 9.663e-14   ok
  α_kin = 1.280e-04  iter =  1   |F|∞ = 1.928e-13   ok
  α_kin = 2.560e-04  iter =  1   |F|∞ = 3.851e-13   ok
  α_kin = 5.120e-04  iter =  1   |F|∞ = 7.697e-13   ok
  α_kin = 1.024e-03  iter =  1   |F|∞ = 1.539e-12   ok
  α_kin = 2.048e-03  iter =  1   |F|∞ = 3.078e-12   ok
  α_kin = 4.096e-03  iter =  1   |F|∞ = 6.155e-12   ok
  α_kin = 8.192e-03  iter =  1   |F|∞ = 1.231e-11   ok
  α_kin = 1.638e-02  iter =  1   |F|∞ = 2.462e-11   ok
  α_kin = 3.277e-02  iter =  1   |F|∞ = 4.923e-11   ok
  α_kin = 6.554e-02  iter =  1   |F|∞ = 9.847e-11   ok
  α_kin = 1.311e-01  iter =  1   |F|∞ = 1.969e-10   ok
  α_kin = 2.621e-01  iter =  1   |F|∞ = 3.939e-10   ok
  α_kin = 5.243e-01  iter =  1   |F|∞ = 7.877e-10   ok
  α_kin = 1.000e+00  iter =  1   |F|∞ = 1.502e-09   ok
[boot] completed at α_buf=1, α_kin=1, V = -1.0
────────── PHYSICALITY  post-bootstrap ──────────
  V =  -1.000 V vs SHE,  ε_org = 0.050,  δ = 50.0 μm
  j₁=1.681e-06  j₂=2.213e-06  j₃=1.411e-04  [A/m²]
  j_total = 1.450e-04 A/m² = 0.00 mA/cm²
  FE_ADPN =   1.16 %   FE_PN =   1.53 %   FE_HER =  97.31 %
  bulk pH                   : 13.027
  φ_l span across DL        : 0.000e+00 V
  max |Σ z_i c_i| (9-sp)    : 0.000e+00 mol m⁻³
  max Na⁺ DL dev            : 8.975e-16
  Σ z_i N_i interior  var   : 0.000e+00 mol m⁻² s⁻¹
  max |R_buf| @ surface     : 3.726e-09 mol m⁻³ s⁻¹
  max |R_buf| @ bulk        : 3.726e-09 mol m⁻³ s⁻¹
  c_AN(0) / c_AN,bulk       : 1.0000
──────────────────────────────────────────────

[cont] Phase A: V continuation from -1.0 V (AD Jacobian)
[cont] Phase A stopped at V = -2.5000 V  (15 points)
[cont] recorded 15 converged points, V∈[-2.500, -1.000]
[export] records → C:\Users\BuiLab\Documents\ADPN-Julia-Model\an_ehd\output\data\stage2m_records_eo0.050_d50.csv
[export] profile @ V=-1.5472800000000002 (target -1.5) → C:\Users\BuiLab\Documents\ADPN-Julia-Model\an_ehd\output\data\stage2m_profile_eo0.050_d50_V-1.547.csv
[export] profile @ V=-1.7472800000000002 (target -1.8) → C:\Users\BuiLab\Documents\ADPN-Julia-Model\an_ehd\output\data\stage2m_profile_eo0.050_d50_V-1.747.csv
[export] profile @ V=-2.00728 (target -2.0) → C:\Users\BuiLab\Documents\ADPN-Julia-Model\an_ehd\output\data\stage2m_profile_eo0.050_d50_V-2.007.csv
[export] profile @ V=-2.5 (target -2.5) → C:\Users\BuiLab\Documents\ADPN-Julia-Model\an_ehd\output\data\stage2m_profile_eo0.050_d50_V-2.500.csv
[export] meta → C:\Users\BuiLab\Documents\ADPN-Julia-Model\an_ehd\output\data\stage2m_meta_eo0.050_d50.txt

════════════════════════════════════════════════════════════
 stage2m for ε_org=0.050 complete.  End: 2026-04-23T16:56:21.931
════════════════════════════════════════════════════════════

- - - - - - - - - - - - - - - - - - - - - - - - - - - -

════════════════════════════════════════════════════════════
 stage2m — ε_org = 0.090, δ = 50.0 μm
 Start: 2026-04-23T16:56:21.931
════════════════════════════════════════════════════════════
[mesh]  N=100 dx_min=1.274e-07 dx_max=1.274e-06 ratio=10.00
[eq]   pH=13.027 cOH=1.064e+02 cHPO4=8.639e+01 cPO4=4.136e+02 cNa=1520.0  cAN,bulk=1310.6
[boot] α_buf=0, α_kin=0 at V=-1.000 V:  |F|∞ = 0.000e+00
[boot] ramping α_buf 0 → 1 (10 uniform steps), α_kin = 0
  α_buf = 0.10   iter =  1   |F|∞ = 4.637e-16   ok
  α_buf = 0.20   iter =  1   |F|∞ = 9.275e-16   ok
  α_buf = 0.30   iter =  1   |F|∞ = 1.391e-15   ok
  α_buf = 0.40   iter =  1   |F|∞ = 1.855e-15   ok
  α_buf = 0.50   iter =  1   |F|∞ = 2.319e-15   ok
  α_buf = 0.60   iter =  1   |F|∞ = 2.782e-15   ok
  α_buf = 0.70   iter =  1   |F|∞ = 3.246e-15   ok
  α_buf = 0.80   iter =  1   |F|∞ = 3.710e-15   ok
  α_buf = 0.90   iter =  1   |F|∞ = 4.174e-15   ok
  α_buf = 1.00   iter =  1   |F|∞ = 4.637e-15   ok
[boot] ramping α_kin 1e-6 → 1.0 (geometric ×2), α_buf = 1
  α_kin = 1.000e-06  iter =  1   |F|∞ = 4.637e-15   ok
  α_kin = 2.000e-06  iter =  1   |F|∞ = 4.637e-15   ok
  α_kin = 4.000e-06  iter =  1   |F|∞ = 6.689e-15   ok
  α_kin = 8.000e-06  iter =  1   |F|∞ = 1.290e-14   ok
  α_kin = 1.600e-05  iter =  1   |F|∞ = 2.533e-14   ok
  α_kin = 3.200e-05  iter =  1   |F|∞ = 5.019e-14   ok
  α_kin = 6.400e-05  iter =  1   |F|∞ = 9.990e-14   ok
  α_kin = 1.280e-04  iter =  1   |F|∞ = 1.993e-13   ok
  α_kin = 2.560e-04  iter =  1   |F|∞ = 3.982e-13   ok
  α_kin = 5.120e-04  iter =  1   |F|∞ = 7.959e-13   ok
  α_kin = 1.024e-03  iter =  1   |F|∞ = 1.591e-12   ok
  α_kin = 2.048e-03  iter =  1   |F|∞ = 3.182e-12   ok
  α_kin = 4.096e-03  iter =  1   |F|∞ = 6.364e-12   ok
  α_kin = 8.192e-03  iter =  1   |F|∞ = 1.273e-11   ok
  α_kin = 1.638e-02  iter =  1   |F|∞ = 2.545e-11   ok
  α_kin = 3.277e-02  iter =  1   |F|∞ = 5.091e-11   ok
  α_kin = 6.554e-02  iter =  1   |F|∞ = 1.018e-10   ok
  α_kin = 1.311e-01  iter =  1   |F|∞ = 2.036e-10   ok
  α_kin = 2.621e-01  iter =  1   |F|∞ = 4.073e-10   ok
  α_kin = 5.243e-01  iter =  1   |F|∞ = 8.145e-10   ok
  α_kin = 1.000e+00  iter =  1   |F|∞ = 1.554e-09   ok
[boot] completed at α_buf=1, α_kin=1, V = -1.0
────────── PHYSICALITY  post-bootstrap ──────────
  V =  -1.000 V vs SHE,  ε_org = 0.090,  δ = 50.0 μm
  j₁=5.005e-06  j₂=3.819e-06  j₃=1.411e-04  [A/m²]
  j_total = 1.499e-04 A/m² = 0.00 mA/cm²
  FE_ADPN =   3.34 %   FE_PN =   2.55 %   FE_HER =  94.11 %
  bulk pH                   : 13.027
  φ_l span across DL        : 0.000e+00 V
  max |Σ z_i c_i| (9-sp)    : 0.000e+00 mol m⁻³
  max Na⁺ DL dev            : 8.975e-16
  Σ z_i N_i interior  var   : 0.000e+00 mol m⁻² s⁻¹
  max |R_buf| @ surface     : 3.726e-09 mol m⁻³ s⁻¹
  max |R_buf| @ bulk        : 3.726e-09 mol m⁻³ s⁻¹
  c_AN(0) / c_AN,bulk       : 1.0000
──────────────────────────────────────────────

[cont] Phase A: V continuation from -1.0 V (AD Jacobian)
[cont] Phase A stopped at V = -2.5000 V  (15 points)
[cont] recorded 15 converged points, V∈[-2.500, -1.000]
[export] records → C:\Users\BuiLab\Documents\ADPN-Julia-Model\an_ehd\output\data\stage2m_records_eo0.090_d50.csv
[export] profile @ V=-1.5472800000000002 (target -1.5) → C:\Users\BuiLab\Documents\ADPN-Julia-Model\an_ehd\output\data\stage2m_profile_eo0.090_d50_V-1.547.csv
[export] profile @ V=-1.7472800000000002 (target -1.8) → C:\Users\BuiLab\Documents\ADPN-Julia-Model\an_ehd\output\data\stage2m_profile_eo0.090_d50_V-1.747.csv
[export] profile @ V=-2.00728 (target -2.0) → C:\Users\BuiLab\Documents\ADPN-Julia-Model\an_ehd\output\data\stage2m_profile_eo0.090_d50_V-2.007.csv
[export] profile @ V=-2.5 (target -2.5) → C:\Users\BuiLab\Documents\ADPN-Julia-Model\an_ehd\output\data\stage2m_profile_eo0.090_d50_V-2.500.csv
[export] meta → C:\Users\BuiLab\Documents\ADPN-Julia-Model\an_ehd\output\data\stage2m_meta_eo0.090_d50.txt

════════════════════════════════════════════════════════════
 stage2m for ε_org=0.090 complete.  End: 2026-04-23T16:56:31.134
════════════════════════════════════════════════════════════

- - - - - - - - - - - - - - - - - - - - - - - - - - - -

════════════════════════════════════════════════════════════
 stage2m — ε_org = 0.150, δ = 50.0 μm
 Start: 2026-04-23T16:56:31.134
════════════════════════════════════════════════════════════
[mesh]  N=100 dx_min=1.274e-07 dx_max=1.274e-06 ratio=10.00
[eq]   pH=13.027 cOH=1.064e+02 cHPO4=8.639e+01 cPO4=4.136e+02 cNa=1520.0  cAN,bulk=1310.6
[boot] α_buf=0, α_kin=0 at V=-1.000 V:  |F|∞ = 0.000e+00
[boot] ramping α_buf 0 → 1 (10 uniform steps), α_kin = 0
  α_buf = 0.10   iter =  1   |F|∞ = 4.637e-16   ok
  α_buf = 0.20   iter =  1   |F|∞ = 9.275e-16   ok
  α_buf = 0.30   iter =  1   |F|∞ = 1.391e-15   ok
  α_buf = 0.40   iter =  1   |F|∞ = 1.855e-15   ok
  α_buf = 0.50   iter =  1   |F|∞ = 2.319e-15   ok
  α_buf = 0.60   iter =  1   |F|∞ = 2.782e-15   ok
  α_buf = 0.70   iter =  1   |F|∞ = 3.246e-15   ok
  α_buf = 0.80   iter =  1   |F|∞ = 3.710e-15   ok
  α_buf = 0.90   iter =  1   |F|∞ = 4.174e-15   ok
  α_buf = 1.00   iter =  1   |F|∞ = 4.637e-15   ok
[boot] ramping α_kin 1e-6 → 1.0 (geometric ×2), α_buf = 1
  α_kin = 1.000e-06  iter =  1   |F|∞ = 4.637e-15   ok
  α_kin = 2.000e-06  iter =  1   |F|∞ = 4.637e-15   ok
  α_kin = 4.000e-06  iter =  1   |F|∞ = 6.689e-15   ok
  α_kin = 8.000e-06  iter =  1   |F|∞ = 1.290e-14   ok
  α_kin = 1.600e-05  iter =  1   |F|∞ = 2.533e-14   ok
  α_kin = 3.200e-05  iter =  1   |F|∞ = 5.019e-14   ok
  α_kin = 6.400e-05  iter =  1   |F|∞ = 9.990e-14   ok
  α_kin = 1.280e-04  iter =  1   |F|∞ = 1.993e-13   ok
  α_kin = 2.560e-04  iter =  1   |F|∞ = 3.982e-13   ok
  α_kin = 5.120e-04  iter =  1   |F|∞ = 7.959e-13   ok
  α_kin = 1.024e-03  iter =  1   |F|∞ = 1.591e-12   ok
  α_kin = 2.048e-03  iter =  1   |F|∞ = 3.182e-12   ok
  α_kin = 4.096e-03  iter =  1   |F|∞ = 6.364e-12   ok
  α_kin = 8.192e-03  iter =  1   |F|∞ = 1.273e-11   ok
  α_kin = 1.638e-02  iter =  1   |F|∞ = 2.545e-11   ok
  α_kin = 3.277e-02  iter =  1   |F|∞ = 5.091e-11   ok
  α_kin = 6.554e-02  iter =  1   |F|∞ = 1.018e-10   ok
  α_kin = 1.311e-01  iter =  1   |F|∞ = 2.036e-10   ok
  α_kin = 2.621e-01  iter =  1   |F|∞ = 4.073e-10   ok
  α_kin = 5.243e-01  iter =  1   |F|∞ = 8.145e-10   ok
  α_kin = 1.000e+00  iter =  1   |F|∞ = 1.554e-09   ok
[boot] completed at α_buf=1, α_kin=1, V = -1.0
────────── PHYSICALITY  post-bootstrap ──────────
  V =  -1.000 V vs SHE,  ε_org = 0.150,  δ = 50.0 μm
  j₁=5.005e-06  j₂=3.819e-06  j₃=1.411e-04  [A/m²]
  j_total = 1.499e-04 A/m² = 0.00 mA/cm²
  FE_ADPN =   3.34 %   FE_PN =   2.55 %   FE_HER =  94.11 %
  bulk pH                   : 13.027
  φ_l span across DL        : 0.000e+00 V
  max |Σ z_i c_i| (9-sp)    : 0.000e+00 mol m⁻³
  max Na⁺ DL dev            : 8.975e-16
  Σ z_i N_i interior  var   : 0.000e+00 mol m⁻² s⁻¹
  max |R_buf| @ surface     : 3.726e-09 mol m⁻³ s⁻¹
  max |R_buf| @ bulk        : 3.726e-09 mol m⁻³ s⁻¹
  c_AN(0) / c_AN,bulk       : 1.0000
──────────────────────────────────────────────

[cont] Phase A: V continuation from -1.0 V (AD Jacobian)
[cont] Phase A stopped at V = -2.5000 V  (15 points)
[cont] recorded 15 converged points, V∈[-2.500, -1.000]
[export] records → C:\Users\BuiLab\Documents\ADPN-Julia-Model\an_ehd\output\data\stage2m_records_eo0.150_d50.csv
[export] profile @ V=-1.5472800000000002 (target -1.5) → C:\Users\BuiLab\Documents\ADPN-Julia-Model\an_ehd\output\data\stage2m_profile_eo0.150_d50_V-1.547.csv
[export] profile @ V=-1.7472800000000002 (target -1.8) → C:\Users\BuiLab\Documents\ADPN-Julia-Model\an_ehd\output\data\stage2m_profile_eo0.150_d50_V-1.747.csv
[export] profile @ V=-2.00728 (target -2.0) → C:\Users\BuiLab\Documents\ADPN-Julia-Model\an_ehd\output\data\stage2m_profile_eo0.150_d50_V-2.007.csv
[export] profile @ V=-2.5 (target -2.5) → C:\Users\BuiLab\Documents\ADPN-Julia-Model\an_ehd\output\data\stage2m_profile_eo0.150_d50_V-2.500.csv
[export] meta → C:\Users\BuiLab\Documents\ADPN-Julia-Model\an_ehd\output\data\stage2m_meta_eo0.150_d50.txt

════════════════════════════════════════════════════════════
 stage2m for ε_org=0.150 complete.  End: 2026-04-23T16:56:39.888
════════════════════════════════════════════════════════════

- - - - - - - - - - - - - - - - - - - - - - - - - - - -

════════════════════════════════════════════════════════════
 stage2m — ε_org = 0.250, δ = 50.0 μm
 Start: 2026-04-23T16:56:39.888
════════════════════════════════════════════════════════════
[mesh]  N=100 dx_min=1.274e-07 dx_max=1.274e-06 ratio=10.00
[eq]   pH=13.027 cOH=1.064e+02 cHPO4=8.639e+01 cPO4=4.136e+02 cNa=1520.0  cAN,bulk=1310.6
[boot] α_buf=0, α_kin=0 at V=-1.000 V:  |F|∞ = 0.000e+00
[boot] ramping α_buf 0 → 1 (10 uniform steps), α_kin = 0
  α_buf = 0.10   iter =  1   |F|∞ = 4.637e-16   ok
  α_buf = 0.20   iter =  1   |F|∞ = 9.275e-16   ok
  α_buf = 0.30   iter =  1   |F|∞ = 1.391e-15   ok
  α_buf = 0.40   iter =  1   |F|∞ = 1.855e-15   ok
  α_buf = 0.50   iter =  1   |F|∞ = 2.319e-15   ok
  α_buf = 0.60   iter =  1   |F|∞ = 2.782e-15   ok
  α_buf = 0.70   iter =  1   |F|∞ = 3.246e-15   ok
  α_buf = 0.80   iter =  1   |F|∞ = 3.710e-15   ok
  α_buf = 0.90   iter =  1   |F|∞ = 4.174e-15   ok
  α_buf = 1.00   iter =  1   |F|∞ = 4.637e-15   ok
[boot] ramping α_kin 1e-6 → 1.0 (geometric ×2), α_buf = 1
  α_kin = 1.000e-06  iter =  1   |F|∞ = 4.637e-15   ok
  α_kin = 2.000e-06  iter =  1   |F|∞ = 4.637e-15   ok
  α_kin = 4.000e-06  iter =  1   |F|∞ = 6.689e-15   ok
  α_kin = 8.000e-06  iter =  1   |F|∞ = 1.290e-14   ok
  α_kin = 1.600e-05  iter =  1   |F|∞ = 2.533e-14   ok
  α_kin = 3.200e-05  iter =  1   |F|∞ = 5.019e-14   ok
  α_kin = 6.400e-05  iter =  1   |F|∞ = 9.990e-14   ok
  α_kin = 1.280e-04  iter =  1   |F|∞ = 1.993e-13   ok
  α_kin = 2.560e-04  iter =  1   |F|∞ = 3.982e-13   ok
  α_kin = 5.120e-04  iter =  1   |F|∞ = 7.959e-13   ok
  α_kin = 1.024e-03  iter =  1   |F|∞ = 1.591e-12   ok
  α_kin = 2.048e-03  iter =  1   |F|∞ = 3.182e-12   ok
  α_kin = 4.096e-03  iter =  1   |F|∞ = 6.364e-12   ok
  α_kin = 8.192e-03  iter =  1   |F|∞ = 1.273e-11   ok
  α_kin = 1.638e-02  iter =  1   |F|∞ = 2.545e-11   ok
  α_kin = 3.277e-02  iter =  1   |F|∞ = 5.091e-11   ok
  α_kin = 6.554e-02  iter =  1   |F|∞ = 1.018e-10   ok
  α_kin = 1.311e-01  iter =  1   |F|∞ = 2.036e-10   ok
  α_kin = 2.621e-01  iter =  1   |F|∞ = 4.073e-10   ok
  α_kin = 5.243e-01  iter =  1   |F|∞ = 8.145e-10   ok
  α_kin = 1.000e+00  iter =  1   |F|∞ = 1.554e-09   ok
[boot] completed at α_buf=1, α_kin=1, V = -1.0
────────── PHYSICALITY  post-bootstrap ──────────
  V =  -1.000 V vs SHE,  ε_org = 0.250,  δ = 50.0 μm
  j₁=5.005e-06  j₂=3.819e-06  j₃=1.411e-04  [A/m²]
  j_total = 1.499e-04 A/m² = 0.00 mA/cm²
  FE_ADPN =   3.34 %   FE_PN =   2.55 %   FE_HER =  94.11 %
  bulk pH                   : 13.027
  φ_l span across DL        : 0.000e+00 V
  max |Σ z_i c_i| (9-sp)    : 0.000e+00 mol m⁻³
  max Na⁺ DL dev            : 8.975e-16
  Σ z_i N_i interior  var   : 0.000e+00 mol m⁻² s⁻¹
  max |R_buf| @ surface     : 3.726e-09 mol m⁻³ s⁻¹
  max |R_buf| @ bulk        : 3.726e-09 mol m⁻³ s⁻¹
  c_AN(0) / c_AN,bulk       : 1.0000
──────────────────────────────────────────────

[cont] Phase A: V continuation from -1.0 V (AD Jacobian)
[cont] Phase A stopped at V = -2.5000 V  (14 points)
[cont] recorded 14 converged points, V∈[-2.500, -1.000]
[export] records → C:\Users\BuiLab\Documents\ADPN-Julia-Model\an_ehd\output\data\stage2m_records_eo0.250_d50.csv
[export] profile @ V=-1.5472800000000002 (target -1.5) → C:\Users\BuiLab\Documents\ADPN-Julia-Model\an_ehd\output\data\stage2m_profile_eo0.250_d50_V-1.547.csv
[export] profile @ V=-1.7472800000000002 (target -1.8) → C:\Users\BuiLab\Documents\ADPN-Julia-Model\an_ehd\output\data\stage2m_profile_eo0.250_d50_V-1.747.csv
[export] profile @ V=-2.00728 (target -2.0) → C:\Users\BuiLab\Documents\ADPN-Julia-Model\an_ehd\output\data\stage2m_profile_eo0.250_d50_V-2.007.csv
[export] profile @ V=-2.5 (target -2.5) → C:\Users\BuiLab\Documents\ADPN-Julia-Model\an_ehd\output\data\stage2m_profile_eo0.250_d50_V-2.500.csv
[export] meta → C:\Users\BuiLab\Documents\ADPN-Julia-Model\an_ehd\output\data\stage2m_meta_eo0.250_d50.txt

════════════════════════════════════════════════════════════
 stage2m for ε_org=0.250 complete.  End: 2026-04-23T16:56:48.593
════════════════════════════════════════════════════════════

- - - - - - - - - - - - - - - - - - - - - - - - - - - -

════════════════════════════════════════════════════════════
 stage2m — ε_org = 0.300, δ = 50.0 μm
 Start: 2026-04-23T16:56:48.593
════════════════════════════════════════════════════════════
[mesh]  N=100 dx_min=1.274e-07 dx_max=1.274e-06 ratio=10.00
[eq]   pH=13.027 cOH=1.064e+02 cHPO4=8.639e+01 cPO4=4.136e+02 cNa=1520.0  cAN,bulk=1310.6
[boot] α_buf=0, α_kin=0 at V=-1.000 V:  |F|∞ = 0.000e+00
[boot] ramping α_buf 0 → 1 (10 uniform steps), α_kin = 0
  α_buf = 0.10   iter =  1   |F|∞ = 4.637e-16   ok
  α_buf = 0.20   iter =  1   |F|∞ = 9.275e-16   ok
  α_buf = 0.30   iter =  1   |F|∞ = 1.391e-15   ok
  α_buf = 0.40   iter =  1   |F|∞ = 1.855e-15   ok
  α_buf = 0.50   iter =  1   |F|∞ = 2.319e-15   ok
  α_buf = 0.60   iter =  1   |F|∞ = 2.782e-15   ok
  α_buf = 0.70   iter =  1   |F|∞ = 3.246e-15   ok
  α_buf = 0.80   iter =  1   |F|∞ = 3.710e-15   ok
  α_buf = 0.90   iter =  1   |F|∞ = 4.174e-15   ok
  α_buf = 1.00   iter =  1   |F|∞ = 4.637e-15   ok
[boot] ramping α_kin 1e-6 → 1.0 (geometric ×2), α_buf = 1
  α_kin = 1.000e-06  iter =  1   |F|∞ = 4.637e-15   ok
  α_kin = 2.000e-06  iter =  1   |F|∞ = 4.637e-15   ok
  α_kin = 4.000e-06  iter =  1   |F|∞ = 6.689e-15   ok
  α_kin = 8.000e-06  iter =  1   |F|∞ = 1.290e-14   ok
  α_kin = 1.600e-05  iter =  1   |F|∞ = 2.533e-14   ok
  α_kin = 3.200e-05  iter =  1   |F|∞ = 5.019e-14   ok
  α_kin = 6.400e-05  iter =  1   |F|∞ = 9.990e-14   ok
  α_kin = 1.280e-04  iter =  1   |F|∞ = 1.993e-13   ok
  α_kin = 2.560e-04  iter =  1   |F|∞ = 3.982e-13   ok
  α_kin = 5.120e-04  iter =  1   |F|∞ = 7.959e-13   ok
  α_kin = 1.024e-03  iter =  1   |F|∞ = 1.591e-12   ok
  α_kin = 2.048e-03  iter =  1   |F|∞ = 3.182e-12   ok
  α_kin = 4.096e-03  iter =  1   |F|∞ = 6.364e-12   ok
  α_kin = 8.192e-03  iter =  1   |F|∞ = 1.273e-11   ok
  α_kin = 1.638e-02  iter =  1   |F|∞ = 2.545e-11   ok
  α_kin = 3.277e-02  iter =  1   |F|∞ = 5.091e-11   ok
  α_kin = 6.554e-02  iter =  1   |F|∞ = 1.018e-10   ok
  α_kin = 1.311e-01  iter =  1   |F|∞ = 2.036e-10   ok
  α_kin = 2.621e-01  iter =  1   |F|∞ = 4.073e-10   ok
  α_kin = 5.243e-01  iter =  1   |F|∞ = 8.145e-10   ok
  α_kin = 1.000e+00  iter =  1   |F|∞ = 1.554e-09   ok
[boot] completed at α_buf=1, α_kin=1, V = -1.0
────────── PHYSICALITY  post-bootstrap ──────────
  V =  -1.000 V vs SHE,  ε_org = 0.300,  δ = 50.0 μm
  j₁=5.005e-06  j₂=3.819e-06  j₃=1.411e-04  [A/m²]
  j_total = 1.499e-04 A/m² = 0.00 mA/cm²
  FE_ADPN =   3.34 %   FE_PN =   2.55 %   FE_HER =  94.11 %
  bulk pH                   : 13.027
  φ_l span across DL        : 0.000e+00 V
  max |Σ z_i c_i| (9-sp)    : 0.000e+00 mol m⁻³
  max Na⁺ DL dev            : 8.975e-16
  Σ z_i N_i interior  var   : 0.000e+00 mol m⁻² s⁻¹
  max |R_buf| @ surface     : 3.726e-09 mol m⁻³ s⁻¹
  max |R_buf| @ bulk        : 3.726e-09 mol m⁻³ s⁻¹
  c_AN(0) / c_AN,bulk       : 1.0000
──────────────────────────────────────────────

[cont] Phase A: V continuation from -1.0 V (AD Jacobian)
[cont] Phase A stopped at V = -2.5000 V  (14 points)
[cont] recorded 14 converged points, V∈[-2.500, -1.000]
[export] records → C:\Users\BuiLab\Documents\ADPN-Julia-Model\an_ehd\output\data\stage2m_records_eo0.300_d50.csv
[export] profile @ V=-1.5472800000000002 (target -1.5) → C:\Users\BuiLab\Documents\ADPN-Julia-Model\an_ehd\output\data\stage2m_profile_eo0.300_d50_V-1.547.csv
[export] profile @ V=-1.7472800000000002 (target -1.8) → C:\Users\BuiLab\Documents\ADPN-Julia-Model\an_ehd\output\data\stage2m_profile_eo0.300_d50_V-1.747.csv
[export] profile @ V=-2.00728 (target -2.0) → C:\Users\BuiLab\Documents\ADPN-Julia-Model\an_ehd\output\data\stage2m_profile_eo0.300_d50_V-2.007.csv
[export] profile @ V=-2.5 (target -2.5) → C:\Users\BuiLab\Documents\ADPN-Julia-Model\an_ehd\output\data\stage2m_profile_eo0.300_d50_V-2.500.csv
[export] meta → C:\Users\BuiLab\Documents\ADPN-Julia-Model\an_ehd\output\data\stage2m_meta_eo0.300_d50.txt

════════════════════════════════════════════════════════════
 stage2m for ε_org=0.300 complete.  End: 2026-04-23T16:56:56.998
════════════════════════════════════════════════════════════

- - - - - - - - - - - - - - - - - - - - - - - - - - - -



#############################################################
# Stage 2m complete (m_i-corrected D_eff).
# Compare with Stage 2 (arithmetic) using plot_stage2_comparison.py
#############################################################
