════════════════════════════════════════════════════════════
 Stage 1 — ε_org = 0, δ = 50.0 μm
 Start: 2026-04-21T15:20:46.329
════════════════════════════════════════════════════════════
[mesh]  N = 100  dx_min = 1.274e-07 m  dx_max = 1.274e-06 m  ratio = 10.00
[eq]   pH = 13.027   cH=9.399e-11  cOH=1.064e+02  cH2PO4=1.289e-04  cHPO4=8.639e+01  cPO4=4.136e+02  cNa=1520.0
[init] u0 length = 900  (expected 900)
[boot] α_buf=0, α_kin=0 at V=-1.000 V:  |F|∞ = 0.000e+00
[boot] ramping α_buf 0 → 1 (10 uniform steps), α_kin = 0
  α_buf = 0.10   iter =  1   |F|∞ = 4.637e-16   ok
  α_buf = 0.20   iter =  1   |F|∞ = 9.275e-16   ok
  α_buf = 0.30   iter =  1   |F|∞ = 1.391e-15   ok
  α_buf = 0.40   iter =  1   |F|∞ = 1.855e-15   ok
  α_buf = 0.50   iter =  1   |F|∞ = 2.319e-15   ok
  α_buf = 0.60   iter =  1   |F|∞ = 2.782e-15   ok
  α_buf = 0.70   iter =  1   |F|∞ = 3.246e-15   ok
  α_buf = 0.80   iter =  1   |F|∞ = 3.710e-15   ok
  α_buf = 0.90   iter =  1   |F|∞ = 4.174e-15   ok
  α_buf = 1.00   iter =  1   |F|∞ = 4.637e-15   ok
[boot] ramping α_kin 1e-6 → 1.0 (geometric ×2), α_buf = 1
  α_kin = 1.000e-06  iter =  1   |F|∞ = 4.637e-15   ok
  α_kin = 2.000e-06  iter =  1   |F|∞ = 4.637e-15   ok
  α_kin = 4.000e-06  iter =  1   |F|∞ = 6.689e-15   ok
  α_kin = 8.000e-06  iter =  1   |F|∞ = 1.290e-14   ok
  α_kin = 1.600e-05  iter =  1   |F|∞ = 2.533e-14   ok
  α_kin = 3.200e-05  iter =  1   |F|∞ = 5.019e-14   ok
  α_kin = 6.400e-05  iter =  1   |F|∞ = 9.990e-14   ok
  α_kin = 1.280e-04  iter =  1   |F|∞ = 1.993e-13   ok
  α_kin = 2.560e-04  iter =  1   |F|∞ = 3.982e-13   ok
  α_kin = 5.120e-04  iter =  1   |F|∞ = 7.959e-13   ok
  α_kin = 1.024e-03  iter =  1   |F|∞ = 1.591e-12   ok
  α_kin = 2.048e-03  iter =  1   |F|∞ = 3.182e-12   ok
  α_kin = 4.096e-03  iter =  1   |F|∞ = 6.364e-12   ok
  α_kin = 8.192e-03  iter =  1   |F|∞ = 1.273e-11   ok
  α_kin = 1.638e-02  iter =  1   |F|∞ = 2.545e-11   ok
  α_kin = 3.277e-02  iter =  1   |F|∞ = 5.091e-11   ok
  α_kin = 6.554e-02  iter =  1   |F|∞ = 1.018e-10   ok
  α_kin = 1.311e-01  iter =  1   |F|∞ = 2.036e-10   ok
  α_kin = 2.621e-01  iter =  1   |F|∞ = 4.072e-10   ok
  α_kin = 5.243e-01  iter =  1   |F|∞ = 8.145e-10   ok
  α_kin = 1.000e+00  iter =  1   |F|∞ = 1.553e-09   ok
[boot] completed at α_buf=1, α_kin=1, V = -1.0
────────── PHYSICALITY  post-bootstrap @ V = -1.0 ──────────
  V =  -1.000 V vs SHE,  ε_org = 0.000,  δ = 50.0 μm
  j₁=5.001e-06  j₂=3.817e-06  j₃=1.411e-04  [A/m²]
  j_total = 1.499e-04 A/m² = 0.00 mA/cm²
  FE_ADPN =   3.34 %   FE_PN =   2.55 %   FE_HER =  94.12 %
  bulk pH                   : 13.027   (expected ≈ 13.0)
  φ_l span across DL        : 0.000e+00 V
  max |Σ z_i c_i| (9-sp)    : 0.000e+00 mol m⁻³  (∼0 by construction)
  max (c_Na − c_Na,bulk)/c_Na,bulk : 8.975e-16  (Na⁺ DL accumulation)
  Σ z_i N_i interior  var   : 0.000e+00 mol m⁻² s⁻¹
  max |R_buf| @ surface     : 3.726e-09 mol m⁻³ s⁻¹
  max |R_buf| @ bulk        : 3.726e-09 mol m⁻³ s⁻¹
  c_AN(0) / c_AN,bulk       : 1.0000  (AN depletion)
──────────────────────────────────────────────

[cont] Phase A: V continuation from -1.0 V (AD Jacobian)
[cont] Phase A stopped at V = -2.5000 V  (15 points)
[cont] recorded 15 converged points
[cont] V range covered: [-2.500, -1.000]
────────── PHYSICALITY  V=-1.000 ──────────
  V =  -1.000 V vs SHE,  ε_org = 0.000,  δ = 50.0 μm
  j₁=5.001e-06  j₂=3.817e-06  j₃=1.411e-04  [A/m²]
  j_total = 1.499e-04 A/m² = 0.00 mA/cm²
  FE_ADPN =   3.34 %   FE_PN =   2.55 %   FE_HER =  94.12 %
  bulk pH                   : 13.027   (expected ≈ 13.0)
  φ_l span across DL        : 0.000e+00 V
  max |Σ z_i c_i| (9-sp)    : 0.000e+00 mol m⁻³  (∼0 by construction)
  max (c_Na − c_Na,bulk)/c_Na,bulk : 8.975e-16  (Na⁺ DL accumulation)
  Σ z_i N_i interior  var   : 0.000e+00 mol m⁻² s⁻¹
  max |R_buf| @ surface     : 3.726e-09 mol m⁻³ s⁻¹
  max |R_buf| @ bulk        : 3.726e-09 mol m⁻³ s⁻¹
  c_AN(0) / c_AN,bulk       : 1.0000  (AN depletion)
──────────────────────────────────────────────
────────── PHYSICALITY  V=-1.050 ──────────
  V =  -1.050 V vs SHE,  ε_org = 0.000,  δ = 50.0 μm
  j₁=1.323e-05  j₂=1.010e-05  j₃=3.073e-04  [A/m²]
  j_total = 3.306e-04 A/m² = 0.00 mA/cm²
  FE_ADPN =   4.00 %   FE_PN =   3.06 %   FE_HER =  92.94 %
  bulk pH                   : 13.027   (expected ≈ 13.0)
  φ_l span across DL        : 0.000e+00 V
  max |Σ z_i c_i| (9-sp)    : 0.000e+00 mol m⁻³  (∼0 by construction)
  max (c_Na − c_Na,bulk)/c_Na,bulk : 8.975e-16  (Na⁺ DL accumulation)
  Σ z_i N_i interior  var   : 0.000e+00 mol m⁻² s⁻¹
  max |R_buf| @ surface     : 3.726e-09 mol m⁻³ s⁻¹
  max |R_buf| @ bulk        : 3.726e-09 mol m⁻³ s⁻¹
  c_AN(0) / c_AN,bulk       : 1.0000  (AN depletion)
──────────────────────────────────────────────
────────── PHYSICALITY  V=-1.120 ──────────
  V =  -1.120 V vs SHE,  ε_org = 0.000,  δ = 50.0 μm
  j₁=5.167e-05  j₂=3.944e-05  j₃=9.137e-04  [A/m²]
  j_total = 1.005e-03 A/m² = 0.00 mA/cm²
  FE_ADPN =   5.14 %   FE_PN =   3.93 %   FE_HER =  90.93 %
  bulk pH                   : 13.027   (expected ≈ 13.0)
  φ_l span across DL        : 0.000e+00 V
  max |Σ z_i c_i| (9-sp)    : 0.000e+00 mol m⁻³  (∼0 by construction)
  max (c_Na − c_Na,bulk)/c_Na,bulk : 8.975e-16  (Na⁺ DL accumulation)
  Σ z_i N_i interior  var   : 0.000e+00 mol m⁻² s⁻¹
  max |R_buf| @ surface     : 3.726e-09 mol m⁻³ s⁻¹
  max |R_buf| @ bulk        : 3.726e-09 mol m⁻³ s⁻¹
  c_AN(0) / c_AN,bulk       : 1.0000  (AN depletion)
──────────────────────────────────────────────
────────── PHYSICALITY  V=-1.218 ──────────
  V =  -1.218 V vs SHE,  ε_org = 0.000,  δ = 50.0 μm
  j₁=3.479e-04  j₂=2.656e-04  j₃=4.202e-03  [A/m²]
  j_total = 4.815e-03 A/m² = 0.00 mA/cm²
  FE_ADPN =   7.23 %   FE_PN =   5.52 %   FE_HER =  87.26 %
  bulk pH                   : 13.027   (expected ≈ 13.0)
  φ_l span across DL        : 0.000e+00 V
  max |Σ z_i c_i| (9-sp)    : 0.000e+00 mol m⁻³  (∼0 by construction)
  max (c_Na − c_Na,bulk)/c_Na,bulk : 8.975e-16  (Na⁺ DL accumulation)
  Σ z_i N_i interior  var   : 0.000e+00 mol m⁻² s⁻¹
  max |R_buf| @ surface     : 3.726e-09 mol m⁻³ s⁻¹
  max |R_buf| @ bulk        : 3.726e-09 mol m⁻³ s⁻¹
  c_AN(0) / c_AN,bulk       : 1.0000  (AN depletion)
──────────────────────────────────────────────
────────── PHYSICALITY  V=-1.355 ──────────
  V =  -1.355 V vs SHE,  ε_org = 0.000,  δ = 50.0 μm
  j₁=5.024e-03  j₂=3.835e-03  j₃=3.557e-02  [A/m²]
  j_total = 4.443e-02 A/m² = 0.00 mA/cm²
  FE_ADPN =  11.31 %   FE_PN =   8.63 %   FE_HER =  80.06 %
  bulk pH                   : 13.027   (expected ≈ 13.0)
  φ_l span across DL        : 0.000e+00 V
  max |Σ z_i c_i| (9-sp)    : 0.000e+00 mol m⁻³  (∼0 by construction)
  max (c_Na − c_Na,bulk)/c_Na,bulk : 8.975e-16  (Na⁺ DL accumulation)
  Σ z_i N_i interior  var   : 0.000e+00 mol m⁻² s⁻¹
  max |R_buf| @ surface     : 3.726e-09 mol m⁻³ s⁻¹
  max |R_buf| @ bulk        : 3.726e-09 mol m⁻³ s⁻¹
  c_AN(0) / c_AN,bulk       : 1.0000  (AN depletion)
──────────────────────────────────────────────
────────── PHYSICALITY  V=-1.547 ──────────
  V =  -1.547 V vs SHE,  ε_org = 0.000,  δ = 50.0 μm
  j₁=2.111e-01  j₂=1.611e-01  j₃=7.076e-01  [A/m²]
  j_total = 1.080e+00 A/m² = 0.11 mA/cm²
  FE_ADPN =  19.55 %   FE_PN =  14.92 %   FE_HER =  65.53 %
  bulk pH                   : 13.027   (expected ≈ 13.0)
  φ_l span across DL        : 6.210e-07 V
  max |Σ z_i c_i| (9-sp)    : 2.274e-13 mol m⁻³  (∼0 by construction)
  max (c_Na − c_Na,bulk)/c_Na,bulk : 1.271e-04  (Na⁺ DL accumulation)
  Σ z_i N_i interior  var   : 7.456e-11 mol m⁻² s⁻¹
  max |R_buf| @ surface     : 3.078e+00 mol m⁻³ s⁻¹
  max |R_buf| @ bulk        : 3.726e-09 mol m⁻³ s⁻¹
  c_AN(0) / c_AN,bulk       : 1.0000  (AN depletion)
──────────────────────────────────────────────
────────── PHYSICALITY  V=-1.747 ──────────
  V =  -1.747 V vs SHE,  ε_org = 0.000,  δ = 50.0 μm
  j₁=1.029e+01  j₂=7.874e+00  j₃=1.592e+01  [A/m²]
  j_total = 3.408e+01 A/m² = 3.41 mA/cm²
  FE_ADPN =  30.19 %   FE_PN =  23.10 %   FE_HER =  46.70 %
  bulk pH                   : 13.027   (expected ≈ 13.0)
  φ_l span across DL        : 3.932e-05 V
  max |Σ z_i c_i| (9-sp)    : 2.274e-13 mol m⁻³  (∼0 by construction)
  max (c_Na − c_Na,bulk)/c_Na,bulk : 8.023e-03  (Na⁺ DL accumulation)
  Σ z_i N_i interior  var   : 1.008e-08 mol m⁻² s⁻¹
  max |R_buf| @ surface     : 1.872e+02 mol m⁻³ s⁻¹
  max |R_buf| @ bulk        : 3.726e-09 mol m⁻³ s⁻¹
  c_AN(0) / c_AN,bulk       : 0.9976  (AN depletion)
──────────────────────────────────────────────
────────── PHYSICALITY  V=-1.947 ──────────
  V =  -1.947 V vs SHE,  ε_org = 0.000,  δ = 50.0 μm
  j₁=4.037e+02  j₂=3.414e+02  j₃=3.518e+02  [A/m²]
  j_total = 1.097e+03 A/m² = 109.69 mA/cm²
  FE_ADPN =  36.80 %   FE_PN =  31.13 %   FE_HER =  32.07 %
  bulk pH                   : 13.027   (expected ≈ 13.0)
  φ_l span across DL        : 1.197e-03 V
  max |Σ z_i c_i| (9-sp)    : 2.274e-13 mol m⁻³  (∼0 by construction)
  max (c_Na − c_Na,bulk)/c_Na,bulk : 2.449e-01  (Na⁺ DL accumulation)
  Σ z_i N_i interior  var   : 1.750e-14 mol m⁻² s⁻¹
  max |R_buf| @ surface     : 2.370e+03 mol m⁻³ s⁻¹
  max |R_buf| @ bulk        : 3.726e-09 mol m⁻³ s⁻¹
  c_AN(0) / c_AN,bulk       : 0.9026  (AN depletion)
──────────────────────────────────────────────
────────── PHYSICALITY  V=-2.007 ──────────
  V =  -2.007 V vs SHE,  ε_org = 0.000,  δ = 50.0 μm
  j₁=9.154e+02  j₂=9.104e+02  j₃=8.776e+02  [A/m²]
  j_total = 2.703e+03 A/m² = 270.34 mA/cm²
  FE_ADPN =  33.86 %   FE_PN =  33.67 %   FE_HER =  32.46 %
  bulk pH                   : 13.027   (expected ≈ 13.0)
  φ_l span across DL        : 2.476e-03 V
  max |Σ z_i c_i| (9-sp)    : 4.547e-13 mol m⁻³  (∼0 by construction)
  max (c_Na − c_Na,bulk)/c_Na,bulk : 5.512e-01  (Na⁺ DL accumulation)
  Σ z_i N_i interior  var   : 2.367e-11 mol m⁻² s⁻¹
  max |R_buf| @ surface     : 2.455e+03 mol m⁻³ s⁻¹
  max |R_buf| @ bulk        : 3.726e-09 mol m⁻³ s⁻¹
  c_AN(0) / c_AN,bulk       : 0.7676  (AN depletion)
──────────────────────────────────────────────
────────── PHYSICALITY  V=-2.073 ──────────
  V =  -2.073 V vs SHE,  ε_org = 0.000,  δ = 50.0 μm
  j₁=1.588e+03  j₂=2.241e+03  j₃=2.388e+03  [A/m²]
  j_total = 6.216e+03 A/m² = 621.62 mA/cm²
  FE_ADPN =  25.54 %   FE_PN =  36.05 %   FE_HER =  38.41 %
  bulk pH                   : 13.027   (expected ≈ 13.0)
  φ_l span across DL        : 4.190e-03 V
  max |Σ z_i c_i| (9-sp)    : 4.547e-13 mol m⁻³  (∼0 by construction)
  max (c_Na − c_Na,bulk)/c_Na,bulk : 1.101e+00  (Na⁺ DL accumulation)
  Σ z_i N_i interior  var   : 3.725e-10 mol m⁻² s⁻¹
  max |R_buf| @ surface     : 1.922e+03 mol m⁻³ s⁻¹
  max |R_buf| @ bulk        : 3.726e-09 mol m⁻³ s⁻¹
  c_AN(0) / c_AN,bulk       : 0.5408  (AN depletion)
──────────────────────────────────────────────
────────── PHYSICALITY  V=-2.146 ──────────
  V =  -2.146 V vs SHE,  ε_org = 0.000,  δ = 50.0 μm
  j₁=1.808e+03  j₂=4.755e+03  j₃=7.172e+03  [A/m²]
  j_total = 1.374e+04 A/m² = 1373.54 mA/cm²
  FE_ADPN =  13.16 %   FE_PN =  34.62 %   FE_HER =  52.22 %
  bulk pH                   : 13.027   (expected ≈ 13.0)
  φ_l span across DL        : 6.145e-03 V
  max |Σ z_i c_i| (9-sp)    : 9.095e-13 mol m⁻³  (∼0 by construction)
  max (c_Na − c_Na,bulk)/c_Na,bulk : 2.056e+00  (Na⁺ DL accumulation)
  Σ z_i N_i interior  var   : 4.726e-09 mol m⁻² s⁻¹
  max |R_buf| @ surface     : 1.302e+03 mol m⁻³ s⁻¹
  max |R_buf| @ bulk        : 3.726e-09 mol m⁻³ s⁻¹
  c_AN(0) / c_AN,bulk       : 0.2902  (AN depletion)
──────────────────────────────────────────────
────────── PHYSICALITY  V=-2.226 ──────────
  V =  -2.226 V vs SHE,  ε_org = 0.000,  δ = 50.0 μm
  j₁=1.175e+03  j₂=8.147e+03  j₃=2.396e+04  [A/m²]
  j_total = 3.328e+04 A/m² = 3328.35 mA/cm²
  FE_ADPN =   3.53 %   FE_PN =  24.48 %   FE_HER =  71.99 %
  bulk pH                   : 13.027   (expected ≈ 13.0)
  φ_l span across DL        : 8.523e-03 V
  max |Σ z_i c_i| (9-sp)    : 9.095e-13 mol m⁻³  (∼0 by construction)
  max (c_Na − c_Na,bulk)/c_Na,bulk : 4.109e+00  (Na⁺ DL accumulation)
  Σ z_i N_i interior  var   : 4.295e-12 mol m⁻² s⁻¹
  max |R_buf| @ surface     : 7.718e+02 mol m⁻³ s⁻¹
  max |R_buf| @ bulk        : 3.726e-09 mol m⁻³ s⁻¹
  c_AN(0) / c_AN,bulk       : 0.1101  (AN depletion)
──────────────────────────────────────────────
────────── PHYSICALITY  V=-2.314 ──────────
  V =  -2.314 V vs SHE,  ε_org = 0.000,  δ = 50.0 μm
  j₁=3.887e+02  j₂=1.069e+04  j₃=8.964e+04  [A/m²]
  j_total = 1.007e+05 A/m² = 10071.70 mA/cm²
  FE_ADPN =   0.39 %   FE_PN =  10.61 %   FE_HER =  89.00 %
  bulk pH                   : 13.027   (expected ≈ 13.0)
  φ_l span across DL        : 1.163e-02 V
  max |Σ z_i c_i| (9-sp)    : 3.638e-12 mol m⁻³  (∼0 by construction)
  max (c_Na − c_Na,bulk)/c_Na,bulk : 1.011e+01  (Na⁺ DL accumulation)
  Σ z_i N_i interior  var   : 6.553e-13 mol m⁻² s⁻¹
  max |R_buf| @ surface     : 3.799e+02 mol m⁻³ s⁻¹
  max |R_buf| @ bulk        : 3.726e-09 mol m⁻³ s⁻¹
  c_AN(0) / c_AN,bulk       : 0.0278  (AN depletion)
──────────────────────────────────────────────
────────── PHYSICALITY  V=-2.410 ──────────
  V =  -2.410 V vs SHE,  ε_org = 0.000,  δ = 50.0 μm
  j₁=7.511e+01  j₂=1.159e+04  j₃=3.798e+05  [A/m²]
  j_total = 3.914e+05 A/m² = 39142.58 mA/cm²
  FE_ADPN =   0.02 %   FE_PN =   2.96 %   FE_HER =  97.02 %
  bulk pH                   : 13.027   (expected ≈ 13.0)
  φ_l span across DL        : 1.552e-02 V
  max |Σ z_i c_i| (9-sp)    : 1.819e-12 mol m⁻³  (∼0 by construction)
  max (c_Na − c_Na,bulk)/c_Na,bulk : 3.319e+01  (Na⁺ DL accumulation)
  Σ z_i N_i interior  var   : 2.085e-12 mol m⁻² s⁻¹
  max |R_buf| @ surface     : 1.551e+02 mol m⁻³ s⁻¹
  max |R_buf| @ bulk        : 3.726e-09 mol m⁻³ s⁻¹
  c_AN(0) / c_AN,bulk       : 0.0049  (AN depletion)
──────────────────────────────────────────────
────────── PHYSICALITY  V=-2.500 ──────────
  V =  -2.500 V vs SHE,  ε_org = 0.000,  δ = 50.0 μm
  j₁=1.451e+01  j₂=1.175e+04  j₃=1.448e+06  [A/m²]
  j_total = 1.460e+06 A/m² = 145972.93 mA/cm²
  FE_ADPN =   0.00 %   FE_PN =   0.81 %   FE_HER =  99.19 %
  bulk pH                   : 13.027   (expected ≈ 13.0)
  φ_l span across DL        : 1.934e-02 V
  max |Σ z_i c_i| (9-sp)    : 1.819e-12 mol m⁻³  (∼0 by construction)
  max (c_Na − c_Na,bulk)/c_Na,bulk : 1.134e+02  (Na⁺ DL accumulation)
  Σ z_i N_i interior  var   : 1.238e-11 mol m⁻² s⁻¹
  max |R_buf| @ surface     : 6.452e+01 mol m⁻³ s⁻¹
  max |R_buf| @ bulk        : 3.726e-09 mol m⁻³ s⁻¹
  c_AN(0) / c_AN,bulk       : 0.0009  (AN depletion)
──────────────────────────────────────────────
[export] records → C:\Users\BuiLab\Documents\ADPN-Julia-Model\an_ehd\output\data\stage1_records_eo0.000_d50.csv
[export] profile @ V=-1.5472800000000002 (target -1.5) → C:\Users\BuiLab\Documents\ADPN-Julia-Model\an_ehd\output\data\stage1_profile_eo0.000_d50_V-1.547.csv
[export] profile @ V=-1.7472800000000002 (target -1.8) → C:\Users\BuiLab\Documents\ADPN-Julia-Model\an_ehd\output\data\stage1_profile_eo0.000_d50_V-1.747.csv
[export] profile @ V=-2.00728 (target -2.0) → C:\Users\BuiLab\Documents\ADPN-Julia-Model\an_ehd\output\data\stage1_profile_eo0.000_d50_V-2.007.csv
[export] profile @ V=-2.5 (target -2.5) → C:\Users\BuiLab\Documents\ADPN-Julia-Model\an_ehd\output\data\stage1_profile_eo0.000_d50_V-2.500.csv
[export] meta → C:\Users\BuiLab\Documents\ADPN-Julia-Model\an_ehd\output\data\stage1_meta_eo0.000_d50.txt

════════════════════════════════════════════════════════════
 Stage 1 complete.  End: 2026-04-21T15:21:00.401
════════════════════════════════════════════════════════════
